../Core/Src/main.c:78:5:main	144	static
../Core/Src/main.c:139:6:SystemClock_Config	88	static
../Core/Src/main.c:186:13:MX_ADC1_Init	24	static
../Core/Src/main.c:238:13:MX_USART1_UART_Init	8	static
../Core/Src/main.c:271:13:MX_USART2_UART_Init	8	static
../Core/Src/main.c:302:13:MX_DMA_Init	16	static
../Core/Src/main.c:323:13:MX_GPIO_Init	48	static
../Core/Src/main.c:359:6:UART_println	280	static
../Core/Src/main.c:369:17:ADC_reading_to_mV	16	static
../Core/Src/main.c:373:16:mV_hall_sensor_reading_to_magnetic_field_Gs	16	static
../Core/Src/main.c:379:9:read_hall_sensor_Gs	16	static
../Core/Src/main.c:396:6:Error_Handler	4	static,ignoring_inline_asm
